[2026-09-30 12:06:29,389][anemoi.training.schemas.base_schema][INFO] - adjusting save_dir path to match output mlflow logs
[2026-09-30 12:06:29,390][anemoi.training.train.train][INFO] - Skipping config validation.
[2026-09-30 12:06:29,525][anemoi.training.train.train][INFO] - Starting from checkpoint: False
[2026-09-30 12:06:29,526][anemoi.training.train.train][INFO] - MLFLOW logger enabled
[2026-09-30 12:06:29,526][anemoi.training.train.train][INFO] - Initializing MLflow logger lazily...
[2026-09-30 12:06:53,593][anemoi.training.diagnostics.mlflow.logger][INFO] - Maximum number of params allowed to be logged is: 2500
[2026-09-30 12:06:53,594][anemoi.training.diagnostics.mlflow.logger][INFO] - MLflow is logging offline.
[2026-09-30 12:06:59,891][anemoi.training.diagnostics.mlflow.logger][INFO] - Terminal Log Path: /pfs/lustrep3/scratch/project_465003270/milemate/cherri-dop/output/plots/224b8d8362e94468adda8711c727d251/plots/terminal_log.txt
[2026-09-30 12:06:59,892][anemoi.training.diagnostics.mlflow.logger][INFO] - SLURM job id: 22448662
[2026-09-30 12:06:59,892][anemoi.training.train.train][INFO] - Run id: 224b8d8362e94468adda8711c727d251
[2026-09-30 12:06:59,893][anemoi.training.train.train][INFO] - Parent run server2server: None
[2026-09-30 12:06:59,893][anemoi.training.train.train][INFO] - Fork run server2server: None
[2026-09-30 12:06:59,893][anemoi.training.train.train][INFO] - Checkpoints path: {'root': PosixPath('/pfs/lustrep3/scratch/project_465003270/milemate/cherri-dop/output/checkpoint/224b8d8362e94468adda8711c727d251'), 'every_n_epochs': 'anemoi-by_epoch-epoch_{epoch:03d}-step_{step:06d}', 'every_n_train_steps': 'anemoi-by_step-epoch_{epoch:03d}-step_{step:06d}', 'every_n_minutes': 'anemoi-by_time-epoch_{epoch:03d}-step_{step:06d}'}
[2026-09-30 12:06:59,893][anemoi.training.train.train][INFO] - Plots path: /pfs/lustrep3/scratch/project_465003270/milemate/cherri-dop/output/plots/224b8d8362e94468adda8711c727d251
[2026-09-30 12:06:59,893][anemoi.training.train.train][INFO] - Dry run: False
[2026-09-30 12:06:59,895][anemoi.training.data.datamodule][INFO] - Initializing multi-dataset module with datasets: ['era5', 'surface']
[2026-09-30 12:06:59,896][anemoi.training.data.data_reader][INFO] - Creating a GriddedDataReader...
[2026-09-30 12:07:01,139][anemoi.training.data.data_reader][INFO] - Creating ObservationDataReader...
[2026-09-30 12:07:04,207][anemoi.datasets.date_indexing][INFO] - Created date indexing: <anemoi.datasets.date_indexing.bisect.DateBisect object at 0x14e46b374550>
[2026-09-30 12:07:05,514][anemoi.datasets.buffering][INFO] - Initializing ReadAheadWriteBehindBuffer with chunk shape (671089, 25), caching 7 chunks (448.00 MB)
[2026-09-30 12:07:05,648][anemoi.datasets.buffering][INFO] - Initializing ReadAheadWriteBehindBuffer with chunk shape (2796202, 3), caching 8 chunks (512.00 MB)
[2026-09-30 12:07:05,788][anemoi.datasets.date_indexing][INFO] - Created date indexing: <anemoi.datasets.date_indexing.bisect.DateBisect object at 0x14e46b13e910>
[2026-09-30 12:07:05,855][anemoi.datasets.buffering][INFO] - Initializing ReadAheadWriteBehindBuffer with chunk shape (671089, 25), caching 7 chunks (448.00 MB)
[2026-09-30 12:07:05,864][anemoi.datasets.date_indexing][INFO] - Created date indexing: <anemoi.datasets.date_indexing.bisect.DateBisect object at 0x14e46b13db50>
[2026-09-30 12:07:05,922][anemoi.datasets.buffering][INFO] - Initializing ReadAheadWriteBehindBuffer with chunk shape (671089, 25), caching 7 chunks (448.00 MB)
[2026-09-30 12:07:05,922][anemoi.datasets.date_indexing][INFO] - Created date indexing: <anemoi.datasets.date_indexing.bisect.DateBisect object at 0x14e46b13d5d0>
[2026-09-30 12:07:05,995][anemoi.datasets.buffering][INFO] - Initializing ReadAheadWriteBehindBuffer with chunk shape (671089, 25), caching 7 chunks (448.00 MB)
[2026-09-30 12:07:05,995][anemoi.datasets.date_indexing][INFO] - Created date indexing: <anemoi.datasets.date_indexing.bisect.DateBisect object at 0x14e46b13d290>
[2026-09-30 12:07:06,069][anemoi.datasets.buffering][INFO] - Initializing ReadAheadWriteBehindBuffer with chunk shape (671089, 25), caching 7 chunks (448.00 MB)
[2026-09-30 12:07:06,483][anemoi.training.data.datamodule][INFO] - Training dataset has 56975 valid samples after applying relative date indices {'era5': [0, 1], 'surface': [0, 1]}.
[2026-09-30 12:07:06,486][anemoi.training.train.train][INFO] - Dataset 'era5' - Number of variables: 123
[2026-09-30 12:07:06,486][anemoi.training.train.train][INFO] - Dataset 'era5' - Variables: ['100u', '100v', '10u', '10v', '2d', '2t', 'cos_julian_day', 'cos_latitude', 'cos_local_time', 'cos_longitude', 'cp', 'insolation', 'lsm', 'msl', 'q_100', 'q_1000', 'q_150', 'q_200', 'q_250', 'q_300', 'q_400', 'q_50', 'q_500', 'q_600', 'q_700', 'q_850', 'q_925', 'sdor', 'sin_julian_day', 'sin_latitude', 'sin_local_time', 'sin_longitude', 'slor', 'sp', 't_1', 't_10', 't_100', 't_1000', 't_150', 't_200', 't_250', 't_30', 't_300', 't_400', 't_50', 't_500', 't_600', 't_70', 't_700', 't_850', 't_925', 'tcc', 'tcw', 'tp', 'u_1', 'u_10', 'u_100', 'u_1000', 'u_150', 'u_200', 'u_250', 'u_30', 'u_300', 'u_400', 'u_50', 'u_500', 'u_600', 'u_70', 'u_700', 'u_850', 'u_925', 'v_1', 'v_10', 'v_100', 'v_1000', 'v_150', 'v_200', 'v_250', 'v_30', 'v_300', 'v_400', 'v_50', 'v_500', 'v_600', 'v_70', 'v_700', 'v_850', 'v_925', 'w_1', 'w_10', 'w_100', 'w_1000', 'w_150', 'w_200', 'w_250', 'w_30', 'w_300', 'w_400', 'w_50', 'w_500', 'w_600', 'w_70', 'w_700', 'w_850', 'w_925', 'z', 'z_1', 'z_10', 'z_100', 'z_1000', 'z_150', 'z_200', 'z_250', 'z_30', 'z_300', 'z_400', 'z_50', 'z_500', 'z_600', 'z_70', 'z_700', 'z_850', 'z_925']
[2026-09-30 12:07:06,486][anemoi.training.train.train][INFO] - Dataset 'surface' - Number of variables: 16
[2026-09-30 12:07:06,486][anemoi.training.train.train][INFO] - Dataset 'surface' - Variables: ['stalt', 'lsm', 'obsvalue_t2m_0', 'obsvalue_u10m_0', 'obsvalue_v10m_0', 'obsvalue_ps_0', 'obsvalue_pmsl_0', 'cos_julian_day', 'sin_julian_day', 'cos_local_time', 'sin_local_time', 'cos_sza', 'cos_latitude', 'sin_latitude', 'cos_longitude', 'sin_longitude']
[2026-09-30 12:07:07,377][anemoi.training.train.train][INFO] - Dataset 'era5' - Total number of prognostic variables: 110
[2026-09-30 12:07:07,377][anemoi.training.train.train][INFO] - Dataset 'era5' - Total number of auxiliary variables: 13
[2026-09-30 12:07:07,377][anemoi.training.train.train][INFO] - Dataset 'surface' - Total number of prognostic variables: 5
[2026-09-30 12:07:07,377][anemoi.training.train.train][INFO] - Dataset 'surface' - Total number of auxiliary variables: 11
[2026-09-30 12:07:07,377][anemoi.training.train.train][INFO] - Total GPU count / model group size: 1 - NB: the learning rate will be scaled by this factor!
[2026-09-30 12:07:07,378][anemoi.training.train.train][INFO] - Effective learning rate: 1.650e-04
[2026-09-30 12:07:07,378][anemoi.training.train.train][INFO] - Training limits: max_epochs=100, max_steps=150000. Training will stop when either limit is reached first. Learning rate scheduler: {'_target_': 'timm.scheduler.CosineLRScheduler', 'lr_min': 3e-07, 't_initial': 150000, 'warmup_t': 500, 't_in_epochs': False}.
[2026-09-30 12:07:07,576][anemoi.training.diagnostics.callbacks.plot][INFO] - Setting up asynchronous plotting ...
[2026-09-30 12:07:07,618][anemoi.training.diagnostics.callbacks.plot][INFO] - Setting up asynchronous plotting ...
[2026-09-30 12:07:07,623][anemoi.training.diagnostics.callbacks.plot][INFO] - Setting up asynchronous plotting ...
[2026-09-30 12:07:07,626][anemoi.training.diagnostics.callbacks.plot][INFO] - Setting up asynchronous plotting ...
[2026-09-30 12:07:07,628][anemoi.training.diagnostics.callbacks][INFO] - Using progress bar: <class 'pytorch_lightning.callbacks.progress.tqdm_progress.TQDMProgressBar'>
[2026-09-30 12:07:07,992][anemoi.models.migrations.migrator][INFO] - Loading migration 1755530253_initial
[2026-09-30 12:07:07,993][anemoi.models.migrations.migrator][INFO] - Loading migration 1762857427_deprecate_eda
[2026-09-30 12:07:07,993][anemoi.models.migrations.migrator][INFO] - Loading migration 1762857428_chunking_fix
[2026-09-30 12:07:07,993][anemoi.models.migrations.migrator][INFO] - Loading migration 1763479917_hardware_schema_update
[2026-09-30 12:07:07,993][anemoi.models.migrations.migrator][INFO] - Loading migration 1763479918_refactor_mapper
[2026-09-30 12:07:07,993][anemoi.models.migrations.migrator][INFO] - Loading migration 1767108147_move_to_multiple_datasets
[2026-09-30 12:07:07,993][anemoi.models.migrations.migrator][INFO] - Loading migration 1773048851_fuse_multiple_perdataset_graphs
[2026-09-30 12:07:07,993][anemoi.models.migrations.migrator][INFO] - Loading migration 1776237003_rename_swa_to_weight_averaging
[2026-09-30 12:07:07,993][anemoi.models.migrations.migrator][INFO] - Loading migration 1778688800_glu_mlp_implementation
[2026-09-30 12:07:07,993][anemoi.models.migrations.migrator][INFO] - Loading migration 1779202136_trainable_edge_perm_fix
[2026-09-30 12:07:08,218][pytorch_lightning.utilities.rank_zero][INFO] - Using bfloat16 Automatic Mixed Precision (AMP)
[2026-09-30 12:07:08,235][pytorch_lightning.utilities.rank_zero][INFO] - GPU available: False, used: False
[2026-09-30 12:07:08,235][pytorch_lightning.utilities.rank_zero][INFO] - TPU available: False, using: 0 TPU cores
[2026-09-30 12:07:08,236][pytorch_lightning.utilities.rank_zero][INFO] - 💡 Tip: For seamless cloud logging and experiment tracking, try installing [litlogger](https://pypi.org/project/litlogger/) to enable LitLogger, which logs metrics and artifacts automatically to the Lightning Experiments platform.
[2026-09-30 12:07:08,237][lightning_fabric.utilities.seed][INFO] - [rank: 0] Seed set to 1417188209
[2026-09-30 12:07:08,426][anemoi.training.train.train][INFO] - Initial seed: Rank 0, initial seed 1417188209, running with random seed: 1417188209
[2026-09-30 12:07:34,205][anemoi.training.utils.masks][WARNING] - Dataset era5 not found in 'config.model.output_mask'. Using `NoOutputMask` as default.
[2026-09-30 12:07:34,205][anemoi.training.utils.masks][WARNING] - Dataset surface not found in 'config.model.output_mask'. Using `NoOutputMask` as default.
[2026-09-30 12:07:34,284][anemoi.models.preprocessing][WARNING] - InputImputer: Using default method mean for all variables not specified in the config.
[2026-09-30 12:07:59,405][anemoi.graphs.nodes.builders.from_file][INFO] - Reading the dataset from {'dataset': '/pfs/lustrep4/scratch/project_465000451/ai-ml/datasets/aifs-ea-an-oper-0001-mars-n320-1979-2024-6h-v1-for-single-v2.zarr', 'frequency': '6h', 'drop': ['cdww', 'cos_mwd', 'sin_mwd', 'ro', 'ssrd', 'strd', 'sf', 'h1012', 'h1214', 'h1417', 'h1721', 'h2125', 'h2530', 'hcc', 'mcc', 'lcc', 'mwp', 'sf', 'sd', 'skt', 'snowc', 'stl1', 'stl2', 'swh', 'swvl1', 'swvl2', 'wmb']}.
[2026-09-30 12:08:17,267][anemoi.graphs.edges.builders.knn][INFO] - Using KNN-Edges (with 3 nearest neighbours) between era5 and hidden.
[2026-09-30 12:08:17,270][anemoi.graphs.edges.builders.base][WARNING] - The 'torch-cluster' library is not installed.
Installing 'torch-cluster' can significantly improve performance for graph creation.
You can install it using:
    TORCH_VERSION=$(python -c "import torch; print(torch.__version__)")
    pip install torch-cluster -f https://data.pyg.org/whl/torch-${TORCH_VERSION}.html

[2026-09-30 12:08:21,906][anemoi.graphs.edges.builders.knn][INFO] - Using KNN-Edges (with 3 nearest neighbours) between hidden and era5.
[2026-09-30 12:08:21,910][anemoi.graphs.edges.builders.base][WARNING] - The 'torch-cluster' library is not installed.
Installing 'torch-cluster' can significantly improve performance for graph creation.
You can install it using:
    TORCH_VERSION=$(python -c "import torch; print(torch.__version__)")
    pip install torch-cluster -f https://data.pyg.org/whl/torch-${TORCH_VERSION}.html

[2026-09-30 12:08:22,665][anemoi.graphs.create][INFO] - Cleaning graph.
[2026-09-30 12:08:22,665][anemoi.graphs.create][INFO] - _grid_reference_distance deleted from graph.
[2026-09-30 12:08:22,665][anemoi.graphs.create][INFO] - _dataset deleted from graph.
[2026-09-30 12:08:22,666][anemoi.graphs.create][INFO] - _grid_reference_distance deleted from graph.
[2026-09-30 12:08:22,666][anemoi.graphs.create][INFO] - _node_ordering deleted from graph.
[2026-09-30 12:08:22,666][anemoi.graphs.create][INFO] - _resolutions deleted from graph.
[2026-09-30 12:08:22,673][anemoi.graphs.create][INFO] - _nx_graph deleted from graph.
[2026-09-30 12:08:22,673][anemoi.graphs.create][WARNING] - No output path specified. The graph will not be saved.
[2026-09-30 12:08:23,070][anemoi.models.models.encoder_processor_decoder][INFO] - Dataset surface is not part of the input as it doesn't have a corresponding encoder.
[2026-09-30 12:08:23,434][anemoi.models.layers.utils][INFO] - Linear kernel: torch.nn.Linear.
[2026-09-30 12:08:23,435][anemoi.models.layers.utils][INFO] - LayerNorm kernel: torch.nn.LayerNorm.
[2026-09-30 12:08:23,436][anemoi.models.layers.utils][INFO] - Activation kernel: torch.nn.GELU.
[2026-09-30 12:08:23,454][anemoi.models.layers.utils][INFO] - QueryNorm kernel: anemoi.models.layers.normalization.AutocastLayerNorm.
[2026-09-30 12:08:23,455][anemoi.models.layers.utils][INFO] - KeyNorm kernel: anemoi.models.layers.normalization.AutocastLayerNorm.
[2026-09-30 12:08:23,599][anemoi.models.layers.block][WARNING] - GraphTransformerMapperBlock requested the triton graph attention backend but triton is not available. Falling back to 'pyg' backend.
[2026-09-30 12:08:23,684][anemoi.models.layers.utils][INFO] - Linear kernel: torch.nn.Linear.
[2026-09-30 12:08:23,685][anemoi.models.layers.utils][INFO] - LayerNorm kernel: torch.nn.LayerNorm.
[2026-09-30 12:08:23,686][anemoi.models.layers.utils][INFO] - Activation kernel: torch.nn.GELU.
[2026-09-30 12:08:23,687][anemoi.models.layers.utils][INFO] - QueryNorm kernel: anemoi.models.layers.normalization.AutocastLayerNorm.
[2026-09-30 12:08:23,688][anemoi.models.layers.utils][INFO] - KeyNorm kernel: anemoi.models.layers.normalization.AutocastLayerNorm.
