
Lmod is automatically replacing "craype-x86-rome" with "craype-x86-trento".


Lmod is automatically replacing "LUMI/25.03" with "CrayEnv".

Using CPython 3.11.16
Creating virtual environment at: .venv
Activate with: source .venv/bin/activate
Resolved 280 packages in 4.89s
Downloading datashader (10.2MiB)
 Downloaded datashader
Prepared 5 packages in 434ms
Installed 269 packages in 6.62s
 + aiohappyeyeballs==2.7.1
 + aiohttp==3.14.3
 + aiosignal==1.4.0
 + anemoi-datasets==0.5.44
 + anemoi-graphs==0.9.7.post284 (from git+https://github.com/ecmwf/anemoi-core.git@35db5715fff8aa80f5109f4c556c1ffc56323b2d#subdirectory=graphs)
 + anemoi-inference==0.12.0
 + anemoi-models==0.19.0.post284 (from git+https://github.com/ecmwf/anemoi-core.git@35db5715fff8aa80f5109f4c556c1ffc56323b2d#subdirectory=models)
 + anemoi-registry==0.3.3
 + anemoi-training==0.17.0.post284 (from git+https://github.com/ecmwf/anemoi-core.git@35db5715fff8aa80f5109f4c556c1ffc56323b2d#subdirectory=training)
 + anemoi-transform==0.4.3
 + anemoi-utils==0.5.12
 + aniso8601==10.0.1
 + annotated-doc==0.0.5
 + annotated-types==0.8.0
 + antlr4-python3-runtime==4.9.3
 + anyio==4.15.1
 + anytree==2.13.0
 + argon2-cffi==25.1.0
 + argon2-cffi-bindings==26.1.0
 + array-api-compat==1.15.0
 + arrow==1.4.0
 + asciitree==0.3.3
 + astropy==8.0.1
 + astropy-iers-data==0.2026.9.21.0.56.25
 + asttokens==3.0.2
 + async-lru==2.3.0
 + attrs==26.1.0
 + babel==2.18.0
 + beautifulsoup4==4.15.0
 + bleach==6.4.0
 + boltons==26.2.0
 + boto3==1.43.100
 + botocore==1.43.100
 + cachetools==7.2.0
 + certifi==2026.7.22
 + cffi==2.1.1
 + cfgrib==0.9.15.1
 + cftime==1.6.5
 + cfunits==3.3.7
 + charset-normalizer==3.5.1
 + click==8.5.0
 + cloudpickle==3.1.2
 + colorcet==3.2.1
 + comm==0.2.3
 + contourpy==1.3.3
 + cryptography==50.0.1
 + cuda-bindings==12.9.4
 + cuda-pathfinder==1.8.2
 + cycler==0.12.1
 + dask==2026.8.0
 + databricks-sdk==0.141.0
 + datashader==0.19.1
 + debugpy==1.8.22
 + defusedxml==0.7.1
 + deprecated==1.3.1
 + deprecation==2.1.0
 + earthkit-data==0.20.0
 + earthkit-geo==0.5.2
 + earthkit-meteo==0.6.2
 + earthkit-regrid==0.5.1
 + earthkit-utils==0.3.0
 + eccodes==2.48.0
 + eckitlib==1.31.4
 + einops==0.8.2
 + entrypoints==0.4
 + executing==2.2.1
 + face==26.0.1
 + fastapi==0.141.1
 + fasteners==0.20
 + fastjsonschema==2.22.2
 + filelock==4.0.1
 + findlibs==0.1.3
 + flexcache==0.3
 + flexparser==0.4
 + fonttools==4.65.0
 + fqdn==1.5.1
 + frozenlist==1.8.0
 + fsspec==2026.9.0
 + gitdb==4.0.12
 + gitpython==3.1.62
 + glom==25.12.0
 + google-auth==2.58.0
 + h11==0.16.0
 + healpy==1.20.0
 + hf-xet==1.6.0
 + httpcore==1.0.9
 + httpx==0.28.1
 + huggingface-hub==1.32.0
 + hydra-core==1.3.7
 + idna==3.20
 + importlib-metadata==9.0.1
 + iniconfig==2.3.0
 + ipykernel==7.3.0
 + ipython==9.17.1
 + ipython-pygments-lexers==1.1.1
 + ipywidgets==8.1.9
 + isoduration==20.11.0
 + jedi==0.20.0
 + jinja2==3.1.6
 + jmespath==1.1.0
 + joblib==1.6.0
 + json5==0.15.0
 + jsonpatch==1.33
 + jsonpointer==3.1.1
 + jsonschema==4.26.0
 + jsonschema-specifications==2025.9.1
 + jupyter==1.1.1
 + jupyter-builder==1.2.3
 + jupyter-client==8.10.0
 + jupyter-console==6.6.3
 + jupyter-core==5.9.1
 + jupyter-events==0.12.1
 + jupyter-lsp==2.3.1
 + jupyter-server==2.21.1
 + jupyter-server-terminals==0.5.4
 + jupyterlab==4.6.4
 + jupyterlab-pygments==0.3.0
 + jupyterlab-server==2.28.1
 + jupyterlab-widgets==3.0.17
 + kiwisolver==1.5.1
 + lark==1.3.1
 + lightning-utilities==0.15.3
 + llvmlite==0.49.0
 + locket==1.0.0
 + lru-dict==1.4.1
 + markdown==3.10.3
 + markdown-it-py==4.2.0
 + markupsafe==3.0.3
 + matplotlib==3.11.2
 + matplotlib-inline==0.2.2
 + mdurl==0.1.2
 + mistune==3.3.4
 + mlflow-skinny==3.16.1
 + mpmath==1.3.0
 + multidict==6.9.1
 + multipledispatch==1.0.0
 + multiurl==0.3.9
 + narwhals==2.26.0
 + nbclient==0.11.0
 + nbconvert==7.17.1
 + nbformat==5.11.1
 + nest-asyncio2==1.7.3
 + netcdf4==1.7.4
 + networkx==3.6.1
 + notebook==7.6.3
 + notebook-shim==0.2.4
 + numba==0.67.0
 + numcodecs==0.15.1
 + numpy==2.4.6
 + nvidia-cublas-cu12==12.8.4.1
 + nvidia-cuda-cupti-cu12==12.8.90
 + nvidia-cuda-nvrtc-cu12==12.8.93
 + nvidia-cuda-runtime-cu12==12.8.90
 + nvidia-cudnn-cu12==9.10.2.21
 + nvidia-cufft-cu12==11.3.3.83
 + nvidia-cufile-cu12==1.13.1.3
 + nvidia-curand-cu12==10.3.9.90
 + nvidia-cusolver-cu12==11.7.3.90
 + nvidia-cusparse-cu12==12.5.8.93
 + nvidia-cusparselt-cu12==0.7.1
 + nvidia-ml-py==13.610.43
 + nvidia-nccl-cu12==2.27.5
 + nvidia-nvjitlink-cu12==12.8.93
 + nvidia-nvshmem-cu12==3.4.5
 + nvidia-nvtx-cu12==12.8.90
 + nvsmi==0.4.2
 + obstore==0.11.1
 + odclib==1.6.0
 + omegaconf==2.3.1
 + opentelemetry-api==1.44.0
 + opentelemetry-proto==1.44.0
 + opentelemetry-sdk==1.44.0
 + opentelemetry-semantic-conventions==0.65b0
 + overrides==7.7.0
 + packaging==26.3
 + pandas==2.3.3
 + pandocfilters==1.5.1
 + param==2.4.2
 + parso==0.8.7
 + partd==1.4.2
 + pdbufr==0.14.2
 + peekle==0.0.5
 + pexpect==4.9.0
 + pillow==12.3.0
 + pint==0.25.3
 + platformdirs==4.11.12
 + plotly==7.1.0
 + pluggy==1.6.0
 + prometheus-client==0.26.0
 + prompt-toolkit==3.0.53
 + propcache==0.5.4
 + protobuf==6.33.6
 + psutil==7.2.2
 + ptyprocess==0.7.0
 + pure-eval==0.2.4
 + pyasn1==0.6.4
 + pyasn1-modules==0.4.2
 + pycparser==3.0
 + pyct==0.6.0
 + pydantic==2.13.5
 + pydantic-core==2.46.5
 + pydantic-settings==2.15.0
 + pyerfa==2.0.1.5
 + pygments==2.21.0
 + pyodc==1.6.0
 + pyparsing==3.3.3
 + pyproj==3.7.2
 + pytest==9.1.1
 + python-dateutil==2.9.0.post0
 + python-dotenv==1.2.3
 + python-json-logger==4.2.0
 + pytorch-lightning==2.6.6
 + pytz==2026.3.post1
 + pyyaml==6.0.3
 + pyzmq==27.2.0
 + referencing==0.37.0
 + requests==2.34.2
 + rfc3339-validator==0.1.4
 + rfc3986-validator==0.1.1
 + rfc3987-syntax==1.1.0
 + rich==15.0.0
 + rpds-py==2026.6.3
 + ruamel-yaml==0.19.1
 + ruff==0.16.8
 + s3transfer==0.19.2
 + safetensors==0.8.0
 + scikit-learn==1.9.1
 + scipy==1.17.1
 + semantic-version==2.10.0
 + send2trash==2.1.0
 + six==1.17.0
 + smmap==5.0.3
 + soupsieve==2.9.2
 + sqlparse==0.6.0
 + stack-data==0.6.3
 + starlette==1.7.0
 + sympy==1.14.0
 + termcolor==3.3.0
 + terminado==0.18.1
 + threadpoolctl==3.7.0
 + timm==1.0.30
 + tinycss2==1.5.1
 + toolz==1.1.0
 + torch==2.10.0+cu128
 + torch-geometric==2.6.1
 + torchinfo==1.8.0
 + torchmetrics==1.9.0
 + torchvision==0.25.0
 + tornado==6.5.10
 + tqdm==4.70.1
 + traitlets==5.16.1
 + triton==3.6.0
 + typeguard==4.6.0
 + typing-extensions==4.16.0
 + typing-inspection==0.4.4
 + tzdata==2026.4
 + uri-template==1.3.0
 + urllib3==2.8.0
 + uvicorn==0.53.0
 + wcwidth==0.8.4
 + webcolors==25.10.0
 + webencodings==0.6.1
 + websocket-client==1.9.2
 + widgetsnbextension==4.0.16
 + wrapt==2.4.1
 + xarray==2026.7.0
 + yarl==1.25.1
 + zarr==2.18.7
 + zipp==4.1.0
