[2026-09-30 11:44:58,553][anemoi.training.schemas.base_schema][INFO] - adjusting save_dir path to match output mlflow logs
[2026-09-30 11:44:58,554][anemoi.training.train.train][INFO] - Skipping config validation.
[2026-09-30 11:44:58,613][anemoi.training.train.train][INFO] - Starting from checkpoint: False
[2026-09-30 11:44:58,613][anemoi.training.train.train][INFO] - MLFLOW logger enabled
[2026-09-30 11:44:58,613][anemoi.training.train.train][INFO] - Initializing MLflow logger lazily...
[2026-09-30 11:45:12,938][anemoi.training.diagnostics.mlflow.logger][INFO] - Maximum number of params allowed to be logged is: 2500
[2026-09-30 11:45:12,939][anemoi.training.diagnostics.mlflow.logger][INFO] - MLflow is logging offline.
[2026-09-30 11:45:13,785][pytorch_lightning.loggers.mlflow][WARNING] - Experiment with name testobs not found. Creating it.
[2026-09-30 11:45:18,777][anemoi.training.diagnostics.mlflow.logger][INFO] - Terminal Log Path: /pfs/lustrep3/scratch/project_465003270/milemate/cherri-dop/output/plots/81465613d51b4224a2b50627297101c4/plots/terminal_log.txt
[2026-09-30 11:45:18,778][anemoi.training.diagnostics.mlflow.logger][INFO] - SLURM job id: 22448258
[2026-09-30 11:45:18,778][anemoi.training.train.train][INFO] - Run id: 81465613d51b4224a2b50627297101c4
[2026-09-30 11:45:18,778][anemoi.training.train.train][INFO] - Parent run server2server: None
[2026-09-30 11:45:18,778][anemoi.training.train.train][INFO] - Fork run server2server: None
[2026-09-30 11:45:18,779][anemoi.training.train.train][INFO] - Checkpoints path: {'root': PosixPath('/pfs/lustrep3/scratch/project_465003270/milemate/cherri-dop/output/checkpoint/81465613d51b4224a2b50627297101c4'), 'every_n_epochs': 'anemoi-by_epoch-epoch_{epoch:03d}-step_{step:06d}', 'every_n_train_steps': 'anemoi-by_step-epoch_{epoch:03d}-step_{step:06d}', 'every_n_minutes': 'anemoi-by_time-epoch_{epoch:03d}-step_{step:06d}'}
[2026-09-30 11:45:18,779][anemoi.training.train.train][INFO] - Plots path: /pfs/lustrep3/scratch/project_465003270/milemate/cherri-dop/output/plots/81465613d51b4224a2b50627297101c4
[2026-09-30 11:45:18,779][anemoi.training.train.train][INFO] - Dry run: False
[2026-09-30 11:45:18,781][anemoi.training.data.datamodule][INFO] - Initializing multi-dataset module with datasets: ['era5', 'surface']
[2026-09-30 11:45:18,782][anemoi.training.data.data_reader][INFO] - Creating a GriddedDataReader...
[2026-09-30 11:45:19,895][anemoi.training.data.data_reader][INFO] - Creating ObservationDataReader...
[2026-09-30 11:45:23,212][anemoi.datasets.date_indexing][INFO] - Created date indexing: <anemoi.datasets.date_indexing.bisect.DateBisect object at 0x15249b514c10>
[2026-09-30 11:45:23,368][anemoi.datasets.buffering][INFO] - Initializing ReadAheadWriteBehindBuffer with chunk shape (671089, 25), caching 7 chunks (448.00 MB)
[2026-09-30 11:45:23,462][anemoi.datasets.buffering][INFO] - Initializing ReadAheadWriteBehindBuffer with chunk shape (2796202, 3), caching 8 chunks (512.00 MB)
[2026-09-30 11:45:23,612][anemoi.datasets.date_indexing][INFO] - Created date indexing: <anemoi.datasets.date_indexing.bisect.DateBisect object at 0x15249b3690d0>
[2026-09-30 11:45:23,683][anemoi.datasets.buffering][INFO] - Initializing ReadAheadWriteBehindBuffer with chunk shape (671089, 25), caching 7 chunks (448.00 MB)
[2026-09-30 11:45:23,692][anemoi.datasets.date_indexing][INFO] - Created date indexing: <anemoi.datasets.date_indexing.bisect.DateBisect object at 0x15249b368e10>
[2026-09-30 11:45:23,762][anemoi.datasets.buffering][INFO] - Initializing ReadAheadWriteBehindBuffer with chunk shape (671089, 25), caching 7 chunks (448.00 MB)
[2026-09-30 11:45:23,763][anemoi.datasets.date_indexing][INFO] - Created date indexing: <anemoi.datasets.date_indexing.bisect.DateBisect object at 0x15249b368d50>
[2026-09-30 11:45:23,833][anemoi.datasets.buffering][INFO] - Initializing ReadAheadWriteBehindBuffer with chunk shape (671089, 25), caching 7 chunks (448.00 MB)
[2026-09-30 11:45:23,834][anemoi.datasets.date_indexing][INFO] - Created date indexing: <anemoi.datasets.date_indexing.bisect.DateBisect object at 0x15249b368e10>
[2026-09-30 11:45:23,904][anemoi.datasets.buffering][INFO] - Initializing ReadAheadWriteBehindBuffer with chunk shape (671089, 25), caching 7 chunks (448.00 MB)
[2026-09-30 11:45:24,468][anemoi.training.data.datamodule][INFO] - Training dataset has 56975 valid samples after applying relative date indices {'era5': [0, 1], 'surface': [0, 1]}.
[2026-09-30 11:45:24,470][anemoi.training.train.train][INFO] - Dataset 'era5' - Number of variables: 123
[2026-09-30 11:45:24,470][anemoi.training.train.train][INFO] - Dataset 'era5' - Variables: ['100u', '100v', '10u', '10v', '2d', '2t', 'cos_julian_day', 'cos_latitude', 'cos_local_time', 'cos_longitude', 'cp', 'insolation', 'lsm', 'msl', 'q_100', 'q_1000', 'q_150', 'q_200', 'q_250', 'q_300', 'q_400', 'q_50', 'q_500', 'q_600', 'q_700', 'q_850', 'q_925', 'sdor', 'sin_julian_day', 'sin_latitude', 'sin_local_time', 'sin_longitude', 'slor', 'sp', 't_1', 't_10', 't_100', 't_1000', 't_150', 't_200', 't_250', 't_30', 't_300', 't_400', 't_50', 't_500', 't_600', 't_70', 't_700', 't_850', 't_925', 'tcc', 'tcw', 'tp', 'u_1', 'u_10', 'u_100', 'u_1000', 'u_150', 'u_200', 'u_250', 'u_30', 'u_300', 'u_400', 'u_50', 'u_500', 'u_600', 'u_70', 'u_700', 'u_850', 'u_925', 'v_1', 'v_10', 'v_100', 'v_1000', 'v_150', 'v_200', 'v_250', 'v_30', 'v_300', 'v_400', 'v_50', 'v_500', 'v_600', 'v_70', 'v_700', 'v_850', 'v_925', 'w_1', 'w_10', 'w_100', 'w_1000', 'w_150', 'w_200', 'w_250', 'w_30', 'w_300', 'w_400', 'w_50', 'w_500', 'w_600', 'w_70', 'w_700', 'w_850', 'w_925', 'z', 'z_1', 'z_10', 'z_100', 'z_1000', 'z_150', 'z_200', 'z_250', 'z_30', 'z_300', 'z_400', 'z_50', 'z_500', 'z_600', 'z_70', 'z_700', 'z_850', 'z_925']
[2026-09-30 11:45:24,471][anemoi.training.train.train][INFO] - Dataset 'surface' - Number of variables: 16
[2026-09-30 11:45:24,471][anemoi.training.train.train][INFO] - Dataset 'surface' - Variables: ['stalt', 'lsm', 'obsvalue_t2m_0', 'obsvalue_u10m_0', 'obsvalue_v10m_0', 'obsvalue_ps_0', 'obsvalue_pmsl_0', 'cos_julian_day', 'sin_julian_day', 'cos_local_time', 'sin_local_time', 'cos_sza', 'cos_latitude', 'sin_latitude', 'cos_longitude', 'sin_longitude']
[2026-09-30 11:45:25,312][anemoi.training.train.train][INFO] - Dataset 'era5' - Total number of prognostic variables: 110
[2026-09-30 11:45:25,313][anemoi.training.train.train][INFO] - Dataset 'era5' - Total number of auxiliary variables: 13
[2026-09-30 11:45:25,313][anemoi.training.train.train][INFO] - Dataset 'surface' - Total number of prognostic variables: 5
[2026-09-30 11:45:25,313][anemoi.training.train.train][INFO] - Dataset 'surface' - Total number of auxiliary variables: 11
[2026-09-30 11:45:25,313][anemoi.training.train.train][INFO] - Total GPU count / model group size: 1 - NB: the learning rate will be scaled by this factor!
[2026-09-30 11:45:25,313][anemoi.training.train.train][INFO] - Effective learning rate: 1.650e-04
[2026-09-30 11:45:25,314][anemoi.training.train.train][INFO] - Training limits: max_epochs=100, max_steps=150000. Training will stop when either limit is reached first. Learning rate scheduler: {'_target_': 'timm.scheduler.CosineLRScheduler', 'lr_min': 3e-07, 't_initial': 150000, 'warmup_t': 500, 't_in_epochs': False}.
[2026-09-30 11:45:25,648][anemoi.training.diagnostics.callbacks.plot][INFO] - Setting up asynchronous plotting ...
[2026-09-30 11:45:25,708][anemoi.training.diagnostics.callbacks.plot][INFO] - Setting up asynchronous plotting ...
[2026-09-30 11:45:25,712][anemoi.training.diagnostics.callbacks.plot][INFO] - Setting up asynchronous plotting ...
[2026-09-30 11:45:25,715][anemoi.training.diagnostics.callbacks.plot][INFO] - Setting up asynchronous plotting ...
[2026-09-30 11:45:25,716][anemoi.training.diagnostics.callbacks][INFO] - Using progress bar: <class 'pytorch_lightning.callbacks.progress.tqdm_progress.TQDMProgressBar'>
[2026-09-30 11:45:25,985][anemoi.models.migrations.migrator][INFO] - Loading migration 1755530253_initial
[2026-09-30 11:45:25,985][anemoi.models.migrations.migrator][INFO] - Loading migration 1762857427_deprecate_eda
[2026-09-30 11:45:25,986][anemoi.models.migrations.migrator][INFO] - Loading migration 1762857428_chunking_fix
[2026-09-30 11:45:25,986][anemoi.models.migrations.migrator][INFO] - Loading migration 1763479917_hardware_schema_update
[2026-09-30 11:45:25,986][anemoi.models.migrations.migrator][INFO] - Loading migration 1763479918_refactor_mapper
[2026-09-30 11:45:25,986][anemoi.models.migrations.migrator][INFO] - Loading migration 1767108147_move_to_multiple_datasets
[2026-09-30 11:45:25,986][anemoi.models.migrations.migrator][INFO] - Loading migration 1773048851_fuse_multiple_perdataset_graphs
[2026-09-30 11:45:25,986][anemoi.models.migrations.migrator][INFO] - Loading migration 1776237003_rename_swa_to_weight_averaging
[2026-09-30 11:45:25,986][anemoi.models.migrations.migrator][INFO] - Loading migration 1778688800_glu_mlp_implementation
[2026-09-30 11:45:25,986][anemoi.models.migrations.migrator][INFO] - Loading migration 1779202136_trainable_edge_perm_fix
[2026-09-30 11:45:26,065][pytorch_lightning.utilities.rank_zero][INFO] - Using bfloat16 Automatic Mixed Precision (AMP)
[2026-09-30 11:45:26,082][pytorch_lightning.utilities.rank_zero][INFO] - GPU available: False, used: False
[2026-09-30 11:45:26,082][pytorch_lightning.utilities.rank_zero][INFO] - TPU available: False, using: 0 TPU cores
[2026-09-30 11:45:26,084][pytorch_lightning.utilities.rank_zero][INFO] - 💡 Tip: For seamless cloud logging and experiment tracking, try installing [litlogger](https://pypi.org/project/litlogger/) to enable LitLogger, which logs metrics and artifacts automatically to the Lightning Experiments platform.
[2026-09-30 11:45:26,084][lightning_fabric.utilities.seed][INFO] - [rank: 0] Seed set to 3012267217
[2026-09-30 11:45:26,694][anemoi.training.train.train][INFO] - Initial seed: Rank 0, initial seed 3012267217, running with random seed: 3012267217
[2026-09-30 11:46:08,623][anemoi.training.utils.masks][WARNING] - Dataset era5 not found in 'config.model.output_mask'. Using `NoOutputMask` as default.
[2026-09-30 11:46:08,623][anemoi.training.utils.masks][WARNING] - Dataset surface not found in 'config.model.output_mask'. Using `NoOutputMask` as default.
[2026-09-30 11:46:08,807][anemoi.models.preprocessing][WARNING] - InputImputer: Using default method mean for all variables not specified in the config.
[2026-09-30 11:46:28,334][anemoi.utils.settings][INFO] - Copied default settings to /users/milemate/.config/anemoi/settings.defaults.toml
[2026-09-30 11:46:39,051][anemoi.graphs.nodes.builders.from_file][INFO] - Reading the dataset from {'dataset': '/pfs/lustrep4/scratch/project_465000451/ai-ml/datasets/aifs-ea-an-oper-0001-mars-n320-1979-2024-6h-v1-for-single-v2.zarr', 'frequency': '6h', 'drop': ['cdww', 'cos_mwd', 'sin_mwd', 'ro', 'ssrd', 'strd', 'sf', 'h1012', 'h1214', 'h1417', 'h1721', 'h2125', 'h2530', 'hcc', 'mcc', 'lcc', 'mwp', 'sf', 'sd', 'skt', 'snowc', 'stl1', 'stl2', 'swh', 'swvl1', 'swvl2', 'wmb']}.
